   1               		.file	"delay_int.c"
   2               	__SREG__ = 0x3f
   3               	__SP_H__ = 0x3e
   4               	__SP_L__ = 0x3d
   5               	__CCP__  = 0x34
   6               	__tmp_reg__ = 0
   7               	__zero_reg__ = 1
  15               	.Ltext0:
  16               	.global	main
  18               	main:
  19               	.LFB3:
  20               	.LM1:
  21               	/* prologue: function */
  22               	/* frame size = 0 */
  23               	.LM2:
  24 0000 A09A      		sbi 52-32,0
  25               	.LM3:
  26 0002 80E8      		ldi r24,lo8(-128)
  27 0004 8FBD      		out 79-32,r24
  28               	.LM4:
  29 0006 81E0      		ldi r24,lo8(1)
  30 0008 8EBD      		out 78-32,r24
  31               	.LM5:
  32 000a 89B7      		in r24,89-32
  33 000c 8460      		ori r24,lo8(4)
  34 000e 89BF      		out 89-32,r24
  35               	.LM6:
  36               	/* #APP */
  37               	 ;  16 "delay_int.c" 1
  38 0010 7894      		sei
  39               	 ;  0 "" 2
  40               	.LM7:
  41               	/* #NOAPP */
  42 0012 21E0      		ldi r18,lo8(1)
  43               	.L6:
  44               	.LM8:
  45 0014 8091 0000 		lds r24,cnt
  46 0018 9091 0000 		lds r25,(cnt)+1
  47 001c 8E51      		subi r24,lo8(-(226))
  48 001e 9F4F      		sbci r25,hi8(-(226))
  49 0020 855C      		subi r24,lo8(453)
  50 0022 9140      		sbci r25,hi8(453)
  51 0024 00F0      		brlo .L6
  52               	.LM9:
  53 0026 85B3      		in r24,53-32
  54 0028 8227      		eor r24,r18
  55 002a 85BB      		out 53-32,r24
  56               	.LM10:
  57 002c 1092 0000 		sts (cnt)+1,__zero_reg__
  58 0030 1092 0000 		sts cnt,__zero_reg__
  59 0034 00C0      		rjmp .L6
  60               	.LFE3:
  62               	.global	__vector_8
  64               	__vector_8:
  65               	.LFB4:
  66               	.LM11:
  67 0036 1F92      		push __zero_reg__
  68 0038 0F92      		push r0
  69 003a 0FB6      		in r0,__SREG__
  70 003c 0F92      		push r0
  71 003e 1124      		clr __zero_reg__
  72 0040 8F93      		push r24
  73 0042 9F93      		push r25
  74               	/* prologue: Signal */
  75               	/* frame size = 0 */
  76               	.LM12:
  77 0044 8091 0000 		lds r24,cnt
  78 0048 9091 0000 		lds r25,(cnt)+1
  79 004c 0196      		adiw r24,1
  80 004e 9093 0000 		sts (cnt)+1,r25
  81 0052 8093 0000 		sts cnt,r24
  82               	/* epilogue start */
  83               	.LM13:
  84 0056 9F91      		pop r25
  85 0058 8F91      		pop r24
  86 005a 0F90      		pop r0
  87 005c 0FBE      		out __SREG__,r0
  88 005e 0F90      		pop r0
  89 0060 1F90      		pop __zero_reg__
  90 0062 1895      		reti
  91               	.LFE4:
  93               	.global	cnt
  94               	.global	cnt
  95               		.section .bss
  98               	cnt:
  99 0000 0000      		.skip 2,0
 132               	.Letext0:
DEFINED SYMBOLS
                            *ABS*:00000000 delay_int.c
C:\Users\KKP_JO~1\AppData\Local\Temp/cc8VrmbF.s:2      *ABS*:0000003f __SREG__
C:\Users\KKP_JO~1\AppData\Local\Temp/cc8VrmbF.s:3      *ABS*:0000003e __SP_H__
C:\Users\KKP_JO~1\AppData\Local\Temp/cc8VrmbF.s:4      *ABS*:0000003d __SP_L__
C:\Users\KKP_JO~1\AppData\Local\Temp/cc8VrmbF.s:5      *ABS*:00000034 __CCP__
C:\Users\KKP_JO~1\AppData\Local\Temp/cc8VrmbF.s:6      *ABS*:00000000 __tmp_reg__
C:\Users\KKP_JO~1\AppData\Local\Temp/cc8VrmbF.s:7      *ABS*:00000001 __zero_reg__
C:\Users\KKP_JO~1\AppData\Local\Temp/cc8VrmbF.s:18     .text:00000000 main
C:\Users\KKP_JO~1\AppData\Local\Temp/cc8VrmbF.s:98     .bss:00000000 cnt
C:\Users\KKP_JO~1\AppData\Local\Temp/cc8VrmbF.s:64     .text:00000036 __vector_8

UNDEFINED SYMBOLS
__do_clear_bss
